OK 行迹_刘勉之.csv 26749
OK 行迹_刘恕.csv 22217
OK 行迹_刘焘.csv 23266
OK 行迹_刘一止.csv 337759
OK 行迹_刘爚.csv 52691
OK 行迹_刘长卿.csv 49868
OK 行迹_刘子翚.csv 22196
progress ok= 7 skipped= 143 failed= 0
OK 行迹_柳开.csv 195980
OK 行迹_柳永.csv 133952
OK 行迹_卢祖皋.csv 16493
OK 行迹_陆九渊.csv 138459
OK 行迹_陆秀夫.csv 19992
OK 行迹_陆游.csv 6326208
OK 行迹_吕本中.csv 594014
OK 行迹_吕胜己.csv 15892
OK 行迹_吕陶.csv 265917
OK 行迹_吕温.csv 254934
OK 行迹_吕颐浩.csv 45818
OK 行迹_吕祖谦.csv 480627
OK 行迹_罗从彦.csv 30205
OK 行迹_罗隐.csv 202841
OK 行迹_马端临.csv 24672
OK 行迹_马廷鸾.csv 180345
OK 行迹_梅尧臣.csv 1695860
OK 行迹_米芾.csv 59530
OK 行迹_倪称.csv 20235
OK 行迹_欧阳修.csv 2617484
OK 行迹_潘阆.csv 11811
OK 行迹_潘良贵.csv 16874
OK 行迹_綦崇礼.csv 345126
OK 行迹_钱起.csv 35291
OK 行迹_秦观.csv 500294
OK 行迹_秦桧.csv 87527
OK 行迹_丘崇.csv 54379
OK 行迹_权德舆.csv 109125
OK 行迹_沈端节.csv 4402
OK 行迹_沈焕.csv 29916
OK 行迹_沈括.csv 91999
OK 行迹_沈佺期.csv 89767
OK 行迹_沈瀛.csv 10548
OK 行迹_沈与求.csv 148633
OK 行迹_施宿.csv 23468
OK 行迹_施元之.csv 15041
OK 行迹_石介.csv 148923
OK 行迹_释保暹.csv 20847
OK 行迹_释惠崇.csv 17323
OK 行迹_释简长.csv 51655
OK 行迹_释惟凤.csv 20133
OK 行迹_释文兆.csv 22047
progress ok= 49 skipped= 151 failed= 0
OK 行迹_释希昼.csv 27227
OK 行迹_释行肇.csv 23803
OK 行迹_释宇昭.csv 21203
OK 行迹_释知礼.csv 96583
OK 行迹_释仲殊.csv 16631
OK 行迹_释宗杲.csv 71371
OK 行迹_舒岳祥.csv 152197
OK 行迹_司空图.csv 148410
OK 行迹_宋白.csv 85645
OK 行迹_宋敏求.csv 20667
OK 行迹_宋祁.csv 666664
OK 行迹_宋庠.csv 190245
OK 行迹_宋之问.csv 205554
OK 行迹_苏过.csv 443696
OK 行迹_苏轼.csv 8417945
OK 行迹_苏舜钦.csv 344625
OK 行迹_苏颂.csv 118111
OK 行迹_苏颋.csv 422704
OK 行迹_苏味道.csv 24894
OK 行迹_苏庠.csv 20360
OK 行迹_苏洵.csv 405578
OK 行迹_苏辙.csv 4141636
OK 行迹_苏籀.csv 312753
OK 行迹_孙觌.csv 28829
OK 行迹_孙觉.csv 164283
OK 行迹_唐庚.csv 124598
OK 行迹_唐彦谦.csv 39727
OK 行迹_唐仲友.csv 73402
OK 行迹_田锡.csv 435942
OK 行迹_汪元量.csv 143225
OK 行迹_汪藻.csv 439827
OK 行迹_王安石.csv 1766019
OK 行迹_王观.csv 39990
OK 行迹_王绩.csv 77730
OK 行迹_王建.csv 104539
OK 行迹_王令.csv 48320
OK 行迹_王迈.csv 177149
OK 行迹_王明清.csv 40309
OK 行迹_王阮.csv 48815
OK 行迹_王韶.csv 57131
OK 行迹_王十朋.csv 193906
OK 行迹_王遂.csv 85128
OK 行迹_王庭珪.csv 173707
OK 行迹_王炎.csv 128437
OK 行迹_王沂孙.csv 26143
OK 行迹_王以宁.csv 25386
OK 行迹_王应麟.csv 271544
progress ok= 96 skipped= 154 failed= 0
OK 行迹_王禹偁.csv 906259
OK 行迹_王之望.csv 333427
OK 行迹_王质.csv 192556
OK 行迹_王铚.csv 40410
OK 行迹_王仲甫.csv 2053
OK 行迹_王灼.csv 42574
OK 行迹_魏了翁.csv 1224758
OK 行迹_魏野.csv 92916
OK 行迹_魏征.csv 25849
OK 行迹_文天祥.csv 418256
OK 行迹_文彦博.csv 440315
OK 行迹_无可.csv 28798
OK 行迹_吴芾.csv 158795
OK 行迹_吴潜.csv 405582
OK 行迹_吴融.csv 64947
OK 行迹_吴文英.csv 84713
OK 行迹_吴中复.csv 38992
OK 行迹_武元衡.csv 98039
OK 行迹_夏竦.csv 377776
OK 行迹_向子諲.csv 117627
OK 行迹_项斯.csv 25582
OK 行迹_萧德藻.csv 18165
OK 行迹_萧颖士.csv 48367
OK 行迹_谢翱.csv 34047
OK 行迹_谢枋得.csv 115160
OK 行迹_谢薖.csv 28670
OK 行迹_谢逸.csv 95112
OK 行迹_辛弃疾.csv 486336
OK 行迹_徐俯.csv 23732
OK 行迹_徐积.csv 58605
OK 行迹_徐鹿卿.csv 49248
OK 行迹_徐梦莘.csv 32417
OK 行迹_徐铉.csv 250493
OK 行迹_许棐.csv 19964
OK 行迹_许浑.csv 206641
OK 行迹_薛季宣.csv 351124
OK 行迹_薛能.csv 51491
OK 行迹_严羽.csv 28843
OK 行迹_颜真卿.csv 297006
OK 行迹_晏几道.csv 17144
OK 行迹_晏殊.csv 223764
OK 行迹_扬无咎.csv 24848
OK 行迹_阳枋.csv 22407
OK 行迹_杨绘.csv 67821
OK 行迹_杨简.csv 250359
OK 行迹_杨凝式.csv 17041
OK 行迹_杨时.csv 588694
OK 行迹_杨万里.csv 2425246
OK 行迹_杨亿.csv 555711
OK 行迹_杨缵.csv 21152
OK 行迹_姚合.csv 82651
OK 行迹_姚勉.csv 37574
OK 行迹_叶梦得.csv 463645
OK 行迹_叶适.csv 860369
OK 行迹_尹焞.csv 80982
OK 行迹_尹洙.csv 117838
OK 行迹_雍陶.csv 31091
OK 行迹_尤袤.csv 190268
OK 行迹_游酢.csv 44253
OK 行迹_余靖.csv 560989
OK 行迹_宇文虚中.csv 29716
OK 行迹_喻凫.csv 13421
OK 行迹_元结.csv 182105
OK 行迹_袁枢.csv 27020
OK 行迹_袁说友.csv 78880
OK 行迹_岳飞.csv 289702
OK 行迹_岳珂.csv 34082
OK 行迹_张昪.csv 19201
OK 行迹_张方平.csv 616732
OK 行迹_张九成.csv 22079
OK 行迹_张耒.csv 1620324
OK 行迹_张栻.csv 141532
OK 行迹_张守.csv 15165
OK 行迹_张说.csv 526140
OK 行迹_张先.csv 58254
OK 行迹_张孝祥.csv 290560
OK 行迹_张炎.csv 38779
OK 行迹_张元干.csv 175744
OK 行迹_张载.csv 26460
OK 行迹_章楶.csv 164357
OK 行迹_赵抃.csv 71904
OK 行迹_赵鼎.csv 24813
OK 行迹_赵以夫.csv 39444
OK 行迹_郑伯熊.csv 21642
OK 行迹_郑巢.csv 10313
OK 行迹_郑刚中.csv 180625
OK 行迹_郑谷.csv 193382
OK 行迹_郑獬.csv 50968
OK 行迹_郑兴裔.csv 129040
OK 行迹_周邦彦.csv 68239
progress ok= 186 skipped= 164 failed= 0
OK 行迹_周必大.csv 5861099
OK 行迹_周敦颐.csv 40163
OK 行迹_周贺.csv 20784
OK 行迹_周葵.csv 27763
OK 行迹_周密.csv 33942
OK 行迹_朱敦儒.csv 93775
OK 行迹_朱松.csv 97742
OK 行迹_朱熹.csv 3111647
OK 行迹_宗泽.csv 137195
OK 行迹_邹浩.csv 306741
DONE ok= 196 skipped= 164 failed= 0 []
